\BOOKMARK [0][-]{chapter*.1}{\376\377\000I\000n\000t\000r\000o\000d\000u\000z\000i\000o\000n\000e}{}% 1
\BOOKMARK [0][-]{chapter.1}{\376\377\000N\000u\000m\000e\000r\000i\000\040\000c\000a\000s\000u\000a\000l\000i}{}% 2
\BOOKMARK [1][-]{subsection.1.0.1}{\376\377\000I\000n\000t\000r\000o\000d\000u\000z\000i\000o\000n\000e}{chapter.1}% 3
\BOOKMARK [2][-]{subsection.1.0.2}{\376\377\000G\000e\000n\000e\000r\000a\000t\000o\000r\000i\000\040\000c\000o\000n\000g\000r\000u\000e\000n\000z\000i\000a\000l\000i\000\040\000l\000i\000n\000e\000a\000r\000i}{subsection.1.0.1}% 4
\BOOKMARK [2][-]{subsection.1.0.3}{\376\377\000C\000o\000m\000b\000i\000n\000a\000z\000i\000o\000n\000e\000\040\000d\000i\000\040\000g\000e\000n\000e\000r\000a\000t\000o\000r\000i}{subsection.1.0.1}% 5
\BOOKMARK [2][-]{subsection.1.0.4}{\376\377\000G\000e\000n\000e\000r\000a\000t\000o\000r\000i\000\040\000b\000a\000s\000a\000t\000i\000\040\000s\000u\000\040\000s\000i\000s\000t\000e\000m\000i\000\040\000c\000a\000o\000t\000i\000c\000i}{subsection.1.0.1}% 6
\BOOKMARK [2][-]{subsection.1.0.5}{\376\377\000G\000e\000n\000e\000r\000a\000t\000o\000r\000i\000\040\000c\000o\000m\000e\000\040\000s\000i\000s\000t\000e\000m\000i\000\040\000d\000i\000n\000a\000m\000i\000c\000i\000\040\000a\000\040\000m\000o\000l\000t\000i\000\040\000s\000t\000a\000t\000i}{subsection.1.0.1}% 7
\BOOKMARK [1][-]{section.1.1}{\376\377\000G\000e\000n\000e\000r\000a\000z\000i\000o\000n\000e\000\040\000d\000i\000\040\000d\000i\000s\000t\000r\000i\000b\000u\000z\000i\000o\000n\000i\000\040\000n\000o\000n\000\040\000u\000n\000i\000f\000o\000r\000m\000i}{chapter.1}% 8
\BOOKMARK [2][-]{subsection.1.1.1}{\376\377\000D\000a\000l\000\040\000c\000a\000s\000o\000\040\000u\000n\000i\000f\000o\000r\000m\000e\000\040\000a\000\040\000u\000n\000a\000\040\000d\000i\000s\000t\000r\000i\000b\000u\000z\000i\000o\000n\000e\000\040\000a\000r\000b\000i\000t\000r\000a\000r\000i\000a}{section.1.1}% 9
\BOOKMARK [2][-]{subsection.1.1.2}{\376\377\000M\000e\000t\000o\000d\000o\000\040\000d\000e\000l\000l\000a\000\040\000f\000u\000n\000z\000i\000o\000n\000e\000\040\000c\000u\000m\000u\000l\000a\000t\000i\000v\000a\000\040\000i\000n\000v\000e\000r\000s\000a}{section.1.1}% 10
\BOOKMARK [2][-]{subsection.1.1.3}{\376\377\000T\000r\000a\000s\000f\000o\000r\000m\000a\000z\000i\000o\000n\000i\000\040\000i\000n\000\040\000p\000i\000\371\000\040\000d\000i\000m\000e\000n\000s\000i\000o\000n\000i}{section.1.1}% 11
\BOOKMARK [2][-]{subsection.1.1.4}{\376\377\000G\000e\000n\000e\000r\000a\000z\000i\000o\000n\000e\000\040\000d\000i\000\040\000d\000i\000s\000t\000r\000i\000b\000u\000z\000i\000o\000n\000i\000\040\000g\000a\000u\000s\000s\000i\000a\000n\000e\000:\000\040\000m\000e\000t\000o\000d\000o\000\040\000d\000i\000\040\000B\000o\000x\000-\000M\000u\000l\000l\000e\000r}{section.1.1}% 12
\BOOKMARK [1][-]{section.1.2}{\376\377\000R\000e\000j\000e\000c\000t\000i\000o\000n\000\040\000m\000e\000t\000h\000o\000d}{chapter.1}% 13
\BOOKMARK [2][-]{subsection.1.2.1}{\376\377\000M\000e\000t\000o\000d\000o\000\040\000d\000e\000l\000\040\000r\000i\000f\000i\000u\000t\000o\000\040\000p\000e\000r\000\040\000l\000a\000\040\000d\000i\000s\000t\000r\000i\000b\000u\000z\000i\000o\000n\000e\000\040\000G\000a\000m\000m\000a}{section.1.2}% 14
\BOOKMARK [1][-]{section.1.3}{\376\377\000I\000n\000t\000e\000g\000r\000a\000z\000i\000o\000n\000e\000\040\000M\000o\000n\000t\000e\000\040\000C\000a\000r\000l\000o}{chapter.1}% 15
\BOOKMARK [0][-]{chapter.2}{\376\377\000R\000i\000c\000e\000r\000c\000a\000\040\000d\000e\000g\000l\000i\000\040\000z\000e\000r\000i\000\040\000d\000i\000\040\000u\000n\000a\000\040\000f\000u\000n\000z\000i\000o\000n\000e}{}% 16
\BOOKMARK [1][-]{section.2.1}{\376\377\000I\000n\000t\000r\000o\000d\000u\000z\000i\000o\000n\000e}{chapter.2}% 17
\BOOKMARK [1][-]{section.2.2}{\376\377\000M\000e\000t\000o\000d\000o\000\040\000d\000i\000\040\000b\000i\000s\000e\000z\000i\000o\000n\000e}{chapter.2}% 18
\BOOKMARK [2][-]{subsection.2.2.1}{\376\377\000O\000s\000s\000e\000r\000v\000a\000z\000i\000o\000n\000i\000\040\000s\000u\000l\000\040\000m\000e\000t\000o\000d\000o\000\040\000d\000i\000\040\000b\000i\000s\000e\000z\000i\000o\000n\000e}{section.2.2}% 19
\BOOKMARK [1][-]{section.2.3}{\376\377\000M\000e\000t\000o\000d\000o\000\040\000d\000i\000\040\000N\000e\000w\000t\000o\000n\000-\000R\000a\000p\000h\000s\000o\000n}{chapter.2}% 20
\BOOKMARK [2][-]{subsection.2.3.1}{\376\377\000A\000n\000a\000l\000i\000s\000i\000\040\000d\000e\000l\000l\000'\000e\000r\000r\000o\000r\000e}{section.2.3}% 21
\BOOKMARK [2][-]{subsection.2.3.2}{\376\377\000O\000s\000s\000e\000r\000v\000a\000z\000i\000o\000n\000i\000\040\000s\000u\000l\000\040\000m\000e\000t\000o\000d\000o\000\040\000d\000i\000\040\000N\000e\000w\000t\000o\000n\000-\000R\000a\000p\000h\000s\000o\000n}{section.2.3}% 22
\BOOKMARK [1][-]{section.2.4}{\376\377\000C\000a\000s\000o\000\040\000d\000e\000i\000\040\000p\000o\000l\000i\000n\000o\000m\000i\000,\000\040\000m\000e\000t\000o\000d\000o\000\040\000d\000i\000\040\000L\000a\000g\000u\000e\000r\000r\000e}{chapter.2}% 23
\BOOKMARK [1][-]{section.2.5}{\376\377\000G\000e\000n\000e\000r\000a\000l\000i\000z\000z\000a\000z\000i\000o\000n\000e\000\040\000a\000\040\000p\000i\000\371\000\040\000d\000i\000m\000e\000n\000s\000i\000o\000n\000i\000\040\000d\000i\000\040\000N\000e\000w\000t\000o\000n\000-\000R\000a\000p\000h\000s\000o\000n}{chapter.2}% 24
\BOOKMARK [1][-]{section.2.6}{\376\377\000C\000o\000n\000c\000l\000u\000s\000i\000o\000n\000i}{chapter.2}% 25
\BOOKMARK [0][-]{chapter.3}{\376\377\000A\000n\000a\000l\000i\000s\000i\000\040\000n\000u\000m\000e\000r\000i\000c\000a\000\040\000n\000e\000l\000l\000'\000i\000n\000t\000e\000g\000r\000a\000z\000i\000o\000n\000e}{}% 26
\BOOKMARK [1][-]{section.3.1}{\376\377\000I\000n\000t\000r\000o\000d\000u\000z\000i\000o\000n\000e}{chapter.3}% 27
\BOOKMARK [1][-]{section.3.2}{\376\377\000F\000o\000r\000m\000u\000l\000e\000\040\000d\000i\000\040\000N\000e\000w\000t\000o\000n\000-\000C\000o\000t\000e\000s\000\040\000s\000u\000\040\000i\000n\000t\000e\000r\000v\000a\000l\000l\000o\000\040\000s\000i\000n\000g\000o\000l\000o}{chapter.3}% 28
\BOOKMARK [2][-]{subsection.3.2.1}{\376\377\000A\000l\000c\000u\000n\000e\000\040\000f\000o\000r\000m\000u\000l\000e\000\040\000l\000o\000c\000a\000l\000i}{section.3.2}% 29
\BOOKMARK [1][-]{section.3.3}{\376\377\000I\000n\000t\000e\000r\000v\000a\000l\000l\000i\000\040\000e\000s\000t\000e\000s\000i}{chapter.3}% 30
\BOOKMARK [2][-]{subsection.3.3.1}{\376\377\000V\000a\000l\000u\000t\000a\000z\000i\000o\000n\000e\000\040\000d\000e\000l\000l\040\031\000e\000r\000r\000o\000r\000e\000\040\000e\000\040\000f\000o\000r\000m\000u\000l\000a\000\040\000e\000s\000a\000t\000t\000a\000\040\000d\000e\000i\000\040\000t\000r\000a\000p\000e\000z\000i}{section.3.3}% 31
\BOOKMARK [2][-]{subsection.3.3.2}{\376\377\000I\000n\000t\000e\000g\000r\000a\000z\000i\000o\000n\000e\000\040\000d\000i\000\040\000R\000o\000m\000b\000e\000r\000g}{section.3.3}% 32
\BOOKMARK [2][-]{subsection.3.3.3}{\376\377\000Q\000u\000a\000d\000r\000a\000t\000u\000r\000e\000\040\000G\000a\000u\000s\000s\000i\000a\000n\000e}{section.3.3}% 33
\BOOKMARK [2][-]{subsection.3.3.4}{\376\377\000I\000n\000t\000e\000g\000r\000a\000l\000i\000\040\000i\000m\000p\000r\000o\000p\000r\000i}{section.3.3}% 34
\BOOKMARK [0][-]{chapter.4}{\376\377\000I\000n\000t\000e\000g\000r\000a\000z\000i\000o\000n\000e\000\040\000n\000u\000m\000e\000r\000i\000c\000a\000\040\000d\000e\000l\000l\000e\000\040\000E\000q\000u\000a\000z\000i\000o\000n\000i\000\040\000D\000i\000f\000f\000e\000r\000e\000n\000z\000i\000a\000l\000i\000\040\000O\000r\000d\000i\000n\000a\000r\000i\000e\000\040\000\050\000O\000D\000E\000\051}{}% 35
\BOOKMARK [1][-]{subsection.4.0.1}{\376\377\000M\000e\000t\000o\000d\000i\000\040\000m\000u\000l\000t\000i\000-\000s\000t\000e\000p}{chapter.4}% 36
\BOOKMARK [2][-]{subsection.4.0.2}{\376\377\000M\000e\000t\000o\000d\000i\000\040\000o\000n\000e\000-\000s\000t\000e\000p}{subsection.4.0.1}% 37
\BOOKMARK [2][-]{subsection.4.0.3}{\376\377\000E\000q\000u\000a\000z\000i\000o\000n\000i\000\040\000s\000t\000i\000f\000f}{subsection.4.0.1}% 38
\BOOKMARK [2][-]{subsection.4.0.4}{\376\377\000B\000o\000u\000n\000d\000a\000r\000y\000\040\000V\000a\000l\000u\000e\000\040\000P\000r\000o\000b\000l\000e\000m\000s\000\040\000\050\000B\000V\000P\000\051}{subsection.4.0.1}% 39
\BOOKMARK [0][-]{chapter.5}{\376\377\000I\000n\000t\000e\000g\000r\000a\000z\000i\000o\000n\000e\000\040\000n\000u\000m\000e\000r\000i\000c\000a\000\040\000d\000i\000\040\000e\000q\000u\000a\000z\000i\000o\000n\000i\000\040\000d\000i\000f\000f\000e\000r\000e\000n\000z\000i\000a\000l\000i\000\040\000a\000l\000l\000e\000\040\000d\000e\000r\000i\000v\000a\000t\000e\000\040\000p\000a\000r\000z\000i\000a\000l\000i\000\040\000\050\000P\000D\000E\000s\000\051}{}% 40
\BOOKMARK [1][-]{section.5.1}{\376\377\000I\000n\000t\000r\000o\000d\000u\000z\000i\000o\000n\000e}{chapter.5}% 41
\BOOKMARK [1][-]{section.5.2}{\376\377\000D\000i\000f\000f\000e\000r\000e\000n\000z\000e\000\040\000f\000i\000n\000i\000t\000e}{chapter.5}% 42
\BOOKMARK [1][-]{section.5.3}{\376\377\000F\000l\000u\000x\000-\000c\000o\000n\000s\000e\000r\000v\000a\000t\000i\000v\000e\000\040\000P\000D\000E\000s}{chapter.5}% 43
\BOOKMARK [2][-]{subsection.5.3.1}{\376\377\000F\000o\000r\000w\000a\000r\000d\000\040\000T\000i\000m\000e\000,\000\040\000C\000e\000n\000t\000e\000r\000e\000d\000\040\000S\000p\000a\000c\000e}{section.5.3}% 44
\BOOKMARK [2][-]{subsection.5.3.2}{\376\377\000M\000e\000t\000o\000d\000o\000\040\000d\000i\000\040\000L\000a\000x}{section.5.3}% 45
\BOOKMARK [2][-]{subsection.5.3.3}{\376\377\000M\000e\000t\000o\000d\000o\000\040\000s\000t\000a\000g\000g\000e\000r\000e\000d\000\040\000l\000e\000a\000p\000-\000f\000r\000o\000g}{section.5.3}% 46
\BOOKMARK [2][-]{subsection.5.3.4}{\376\377\000M\000e\000t\000o\000d\000o\000\040\000t\000w\000o\000-\000s\000t\000e\000p\000\040\000L\000a\000x\000-\000W\000e\000n\000d\000r\000o\000f\000f}{section.5.3}% 47
\BOOKMARK [2][-]{subsection.5.3.5}{\376\377\000S\000c\000h\000r\000o\000e\000d\000i\000n\000g\000e\000r\000\040\000e\000\040\000o\000p\000e\000r\000a\000t\000o\000r\000i\000\040\000s\000p\000l\000i\000t}{section.5.3}% 48
\BOOKMARK [1][-]{section.5.4}{\376\377\000D\000i\000f\000f\000u\000s\000i\000v\000e\000\040\000i\000n\000i\000t\000i\000a\000l\000\040\000v\000a\000l\000u\000e\000\040\000p\000r\000o\000b\000l\000e\000m\000s}{chapter.5}% 49
\BOOKMARK [1][-]{section.5.5}{\376\377\000M\000e\000t\000o\000d\000i\000\040\000d\000i\000\040\000F\000o\000u\000r\000i\000e\000r}{chapter.5}% 50
\BOOKMARK [1][-]{section.5.6}{\376\377\000C\000y\000c\000l\000i\000c\000\040\000R\000e\000d\000u\000c\000t\000i\000o\000n}{chapter.5}% 51
\BOOKMARK [1][-]{section.5.7}{\376\377\000M\000e\000t\000o\000d\000i\000\040\000d\000i\000\040\000r\000i\000l\000a\000s\000s\000a\000m\000e\000n\000t\000o}{chapter.5}% 52
\BOOKMARK [2][-]{subsection.5.7.1}{\376\377\000U\000n\000a\000\040\000s\000o\000l\000u\000z\000i\000o\000n\000e\000\040\000p\000r\000a\000t\000i\000c\000a}{section.5.7}% 53
\BOOKMARK [0][-]{chapter.6}{\376\377\000M\000e\000t\000o\000d\000o\000\040\000d\000e\000l\000l\000e\000\040\000d\000i\000f\000f\000e\000r\000e\000n\000z\000e\000\040\000f\000i\000n\000i\000t\000e}{}% 54
\BOOKMARK [0][-]{chapter.7}{\376\377\000A\000l\000g\000o\000r\000i\000t\000m\000o\000\040\000d\000i\000\040\000T\000h\000o\000m\000a\000s}{}% 55
\BOOKMARK [0][-]{chapter.8}{\376\377\000M\000e\000t\000o\000d\000o\000\040\000d\000i\000\040\000J\000a\000c\000o\000b\000i}{}% 56
\BOOKMARK [1][-]{section.8.1}{\376\377\000I\000n\000t\000r\000o\000d\000u\000z\000i\000o\000n\000e}{chapter.8}% 57
\BOOKMARK [2][-]{subsection.8.1.1}{\376\377\000S\000t\000r\000u\000t\000t\000u\000r\000a\000\040\000d\000e\000l\000l\000a\000\040\000m\000a\000t\000r\000i\000c\000e\000\040\000d\000i\000\040\000i\000t\000e\000r\000a\000z\000i\000o\000n\000e}{section.8.1}% 58
\BOOKMARK [2][-]{subsection.8.1.2}{\376\377\000P\000r\000o\000c\000e\000d\000i\000m\000e\000n\000t\000o\000\040\000i\000t\000e\000r\000a\000t\000i\000v\000o}{section.8.1}% 59
\BOOKMARK [2][-]{subsection.8.1.3}{\376\377\000C\000o\000n\000v\000e\000r\000g\000e\000n\000z\000a\000\040\000d\000e\000l\000\040\000m\000e\000t\000o\000d\000o}{section.8.1}% 60
\BOOKMARK [1][-]{section.8.2}{\376\377\000C\000o\000n\000d\000i\000z\000i\000o\000n\000e\000\040\000p\000e\000r\000\040\000l\000a\000\040\000c\000o\000n\000v\000e\000r\000g\000e\000n\000z\000a}{chapter.8}% 61
\BOOKMARK [1][-]{section.8.3}{\376\377\000F\000l\000u\000s\000s\000o\000\040\000i\000l\000l\000i\000m\000i\000t\000a\000t\000o}{chapter.8}% 62
\BOOKMARK [1][-]{section.8.4}{\376\377\000C\000o\000m\000e\000\040\000f\000u\000n\000z\000i\000o\000n\000a\000\040\000i\000l\000\040\000m\000e\000t\000o\000d\000o\000\040\000d\000i\000\040\000J\000a\000c\000o\000b\000i}{chapter.8}% 63
\BOOKMARK [1][-]{section.8.5}{\376\377\000I\000m\000p\000l\000e\000m\000e\000n\000t\000a\000z\000i\000o\000n\000e\000\040\000p\000e\000r\000\040\000e\000q\000u\000a\000z\000i\000o\000n\000e\000\040\000d\000i\000\040\000d\000i\000f\000f\000u\000s\000i\000o\000n\000e}{chapter.8}% 64
\BOOKMARK [1][-]{section.8.6}{\376\377\000V\000e\000l\000o\000c\000i\000t\000\340\000\040\000d\000i\000\040\000c\000o\000n\000v\000e\000r\000g\000e\000n\000z\000a}{chapter.8}% 65
\BOOKMARK [0][-]{chapter.9}{\376\377\000G\000a\000u\000s\000s\000-\000S\000i\000e\000d\000e\000l\000,\000\040\000S\000O\000R\000\040\000\046\000\040\000L\000O\000R}{}% 66
\BOOKMARK [1][-]{section.9.1}{\376\377\000M\000e\000t\000o\000d\000o\000\040\000d\000i\000\040\000G\000a\000u\000s\000s\000-\000S\000e\000i\000d\000e\000l}{chapter.9}% 67
\BOOKMARK [1][-]{section.9.2}{\376\377\000M\000e\000t\000o\000d\000o\000\040\000d\000i\000\040\000S\000u\000c\000c\000e\000s\000s\000i\000v\000e\000\040\000O\000v\000e\000r\000r\000e\000l\000a\000x\000a\000t\000i\000o\000n\000\040\000\050\000S\000O\000R\000\051}{chapter.9}% 68
\BOOKMARK [2][-]{subsection.9.2.1}{\376\377\000M\000a\000t\000r\000i\000c\000e\000\040\000d\000i\000\040\000i\000t\000e\000r\000a\000z\000i\000o\000n\000e\000\040\000d\000e\000l\000\040\000m\000e\000t\000o\000d\000o\000\040\000S\000O\000R}{section.9.2}% 69
\BOOKMARK [2][-]{subsection.9.2.2}{\376\377\000A\000p\000p\000l\000i\000c\000a\000z\000i\000o\000n\000e\000\040\000p\000r\000a\000t\000i\000c\000a}{section.9.2}% 70
\BOOKMARK [1][-]{section.9.3}{\376\377\000I\000m\000p\000l\000e\000m\000e\000n\000t\000a\000z\000i\000o\000n\000e\000\040\000p\000r\000a\000t\000i\000c\000a\000\040\000d\000e\000l\000\040\000m\000e\000t\000o\000d\000o\000\040\000S\000O\000R}{chapter.9}% 71
\BOOKMARK [1][-]{section.9.4}{\376\377\000S\000t\000r\000a\000t\000e\000g\000i\000a\000\040\000i\000t\000e\000r\000a\000t\000i\000v\000a\000\040\000R\000e\000d\000\040\000\046\000\040\000B\000l\000a\000c\000k}{chapter.9}% 72
\BOOKMARK [1][-]{section.9.5}{\376\377\000M\000e\000t\000o\000d\000o\000\040\000L\000i\000n\000e\000\040\000O\000v\000e\000r\000r\000e\000l\000a\000x\000a\000t\000i\000o\000n\000\040\000\050\000L\000O\000R\000\051}{chapter.9}% 73
\BOOKMARK [0][-]{chapter.10}{\376\377\000M\000e\000t\000o\000d\000o\000\040\000a\000l\000t\000e\000r\000n\000a\000t\000e\000\040\000d\000i\000r\000e\000c\000t\000i\000o\000n\000\040\000i\000m\000p\000l\000i\000c\000i\000t\000\040\000\050\000A\000D\000I\000\051}{}% 74
\BOOKMARK [1][-]{section.10.1}{\376\377\000L\000a\000\040\000m\000a\000t\000r\000i\000c\000e\000\040\000d\000i\000\040\000i\000t\000e\000r\000a\000z\000i\000o\000n\000e\000\040\000i\000n\000\040\000A\000D\000I}{chapter.10}% 75
\BOOKMARK [2][-]{subsection.10.1.1}{\376\377\000P\000r\000o\000c\000e\000d\000u\000r\000a\000\040\000i\000t\000e\000r\000a\000t\000i\000v\000a\000\040\000a\000\040\000d\000u\000e\000\040\000p\000a\000s\000s\000i}{section.10.1}% 76
\BOOKMARK [2][-]{subsection.10.1.2}{\376\377\000S\000c\000h\000e\000m\000a\000\040\000i\000t\000e\000r\000a\000t\000i\000v\000o}{section.10.1}% 77
\BOOKMARK [2][-]{subsection.10.1.3}{\376\377\000S\000t\000r\000u\000t\000t\000u\000r\000a\000\040\000d\000e\000l\000l\000e\000\040\000m\000a\000t\000r\000i\000c\000i}{section.10.1}% 78
\BOOKMARK [2][-]{subsection.10.1.4}{\376\377\000R\000i\000s\000o\000l\000u\000z\000i\000o\000n\000e\000\040\000d\000e\000l\000l\000e\000\040\000s\000e\000m\000i\000-\000i\000t\000e\000r\000a\000z\000i\000o\000n\000i}{section.10.1}% 79
\BOOKMARK [2][-]{subsection.10.1.5}{\376\377\000M\000a\000t\000r\000i\000c\000e\000\040\000d\000i\000\040\000i\000t\000e\000r\000a\000z\000i\000o\000n\000e\000\040\000d\000e\000l\000\040\000m\000e\000t\000o\000d\000o\000\040\000A\000D\000I}{section.10.1}% 80
\BOOKMARK [2][-]{subsection.10.1.6}{\376\377\000C\000o\000n\000v\000e\000r\000g\000e\000n\000z\000a\000\040\000d\000e\000l\000\040\000m\000e\000t\000o\000d\000o\000\040\000A\000D\000I}{section.10.1}% 81
\BOOKMARK [1][-]{section.10.2}{\376\377\000A\000D\000I\000\040\000p\000e\000r\000\040\000p\000r\000o\000b\000l\000e\000m\000i\000\040\000s\000e\000p\000a\000r\000a\000b\000i\000l\000i}{chapter.10}% 82
\BOOKMARK [2][-]{subsection.10.2.1}{\376\377\000R\000a\000g\000g\000i\000o\000\040\000s\000p\000e\000t\000t\000r\000a\000l\000e\000\040\000d\000e\000l\000l\000a\000\040\000m\000a\000t\000r\000i\000c\000e\000\040\000d\000i\000\040\000i\000t\000e\000r\000a\000z\000i\000o\000n\000e\000\040\000J}{section.10.2}% 83
\BOOKMARK [2][-]{subsection.10.2.2}{\376\377\000S\000c\000e\000l\000t\000a\000\040\000o\000t\000t\000i\000m\000a\000l\000e\000\040\000d\000e\000i\000\040\000p\000a\000r\000a\000m\000e\000t\000r\000i\000\040}{section.10.2}% 84
\BOOKMARK [1][-]{section.10.3}{\376\377\000C\000o\000n\000s\000i\000d\000e\000r\000a\000z\000i\000o\000n\000i\000\040\000f\000i\000n\000a\000l\000i}{chapter.10}% 85
\BOOKMARK [0][-]{chapter.11}{\376\377\000M\000e\000t\000o\000d\000i\000\040\000d\000e\000l\000\040\000g\000r\000a\000d\000i\000e\000n\000t\000e}{}% 86
\BOOKMARK [1][-]{section.11.1}{\376\377\000F\000o\000r\000m\000u\000l\000a\000z\000i\000o\000n\000e\000\040\000v\000a\000r\000i\000a\000z\000i\000o\000n\000a\000l\000e\000\040\000d\000e\000l\000\040\000p\000r\000o\000b\000l\000e\000m\000a}{chapter.11}% 87
\BOOKMARK [1][-]{section.11.2}{\376\377\000I\000n\000t\000e\000r\000p\000r\000e\000t\000a\000z\000i\000o\000n\000e\000\040\000t\000r\000a\000m\000i\000t\000e\000\040\000e\000r\000r\000o\000r\000e}{chapter.11}% 88
\BOOKMARK [2][-]{subsection.11.2.1}{\376\377\000R\000e\000l\000a\000z\000i\000o\000n\000e\000\040\000t\000r\000a\000\040\000e\000r\000r\000o\000r\000e\000\040\000e\000\040\000f\000u\000n\000z\000i\000o\000n\000a\000l\000e}{section.11.2}% 89
\BOOKMARK [1][-]{section.11.3}{\376\377\000M\000e\000t\000o\000d\000i\000\040\000d\000i\000\040\000d\000i\000s\000c\000e\000s\000a}{chapter.11}% 90
\BOOKMARK [2][-]{subsection.11.3.1}{\376\377\000A\000l\000g\000o\000r\000i\000t\000m\000o\000\040\000d\000e\000l\000\040\000S\000t\000e\000e\000p\000e\000s\000t\000\040\000D\000e\000s\000c\000e\000n\000t\000\040\000M\000e\000t\000h\000o\000d}{section.11.3}% 91
\BOOKMARK [2][-]{subsection.11.3.2}{\376\377\000I\000n\000t\000e\000r\000p\000r\000e\000t\000a\000z\000i\000o\000n\000e\000\040\000g\000e\000o\000m\000e\000t\000r\000i\000c\000a}{section.11.3}% 92
\BOOKMARK [1][-]{section.11.4}{\376\377\000C\000o\000n\000j\000u\000g\000a\000t\000e\000\040\000G\000r\000a\000d\000i\000e\000n\000t\000\040\000M\000e\000t\000h\000o\000d}{chapter.11}% 93
\BOOKMARK [0][-]{chapter.12}{\376\377\000M\000e\000t\000o\000d\000i\000\040\000d\000e\000l\000\040\000s\000o\000t\000t\000o\000s\000p\000a\000z\000i\000o\000\040\000d\000i\000\040\000K\000r\000y\000l\000o\000v}{}% 94
\BOOKMARK [1][-]{subsection.12.0.1}{\376\377\000C\000o\000n\000t\000e\000s\000t\000o\000\040\000g\000e\000n\000e\000r\000a\000l\000e}{chapter.12}% 95
\BOOKMARK [1][-]{section.12.1}{\376\377\000S\000i\000s\000t\000e\000m\000a\000\040\000d\000i\000\040\000e\000q\000u\000a\000z\000i\000o\000n\000i\000\040\000l\000i\000n\000e\000a\000r\000i\000\040\000c\000o\000n\000\040\000m\000a\000t\000r\000i\000c\000e\000\040\000g\000e\000n\000e\000r\000a\000l\000e\000\040\000A}{chapter.12}% 96
\BOOKMARK [1][-]{section.12.2}{\376\377\000A\000p\000p\000r\000o\000s\000s\000i\000m\000a\000z\000i\000o\000n\000e\000\040\000d\000i\000\040\000A\000-\0001}{chapter.12}% 97
\BOOKMARK [1][-]{section.12.3}{\376\377\000I\000l\000\040\000s\000o\000t\000t\000o\000s\000p\000a\000z\000i\000o\000\040\000d\000i\000\040\000K\000r\000y\000l\000o\000v}{chapter.12}% 98
\BOOKMARK [2][-]{subsection.12.3.1}{\376\377\000I\000n\000t\000e\000r\000p\000r\000e\000t\000a\000z\000i\000o\000n\000e}{section.12.3}% 99
\BOOKMARK [2][-]{subsection.12.3.2}{\376\377\000F\000o\000r\000m\000a\000\040\000d\000e\000l\000\040\000r\000e\000s\000i\000d\000u\000o}{section.12.3}% 100
\BOOKMARK [2][-]{subsection.12.3.3}{\376\377\000M\000e\000t\000o\000d\000o\000\040\000d\000i\000\040\000K\000r\000y\000l\000o\000v}{section.12.3}% 101
\BOOKMARK [1][-]{section.12.4}{\376\377\000D\000a\000\040\000C\000o\000n\000j\000u\000g\000a\000t\000e\000\040\000G\000r\000a\000d\000i\000e\000n\000t\000s\000\040\000a\000\040\000G\000M\000R\000E\000S}{chapter.12}% 102
\BOOKMARK [2][-]{subsection.12.4.1}{\376\377\000I\000d\000e\000a\000\040\000c\000o\000m\000u\000n\000e}{section.12.4}% 103
\BOOKMARK [1][-]{section.12.5}{\376\377\000M\000e\000t\000o\000d\000o\000\040\000G\000e\000n\000e\000r\000a\000l\000i\000z\000e\000d\000\040\000M\000i\000n\000i\000m\000a\000l\000\040\000R\000E\000S\000i\000d\000u\000a\000l\000\040\000\050\000G\000M\000R\000E\000S\000\051}{chapter.12}% 104
\BOOKMARK [1][-]{section.12.6}{\376\377\000M\000e\000t\000o\000d\000o\000\040\000d\000i\000\040\000A\000r\000n\000o\000l\000d\000i}{chapter.12}% 105
\BOOKMARK [2][-]{subsection.12.6.1}{\376\377\000P\000r\000o\000c\000e\000d\000u\000r\000a}{section.12.6}% 106
\BOOKMARK [2][-]{subsection.12.6.2}{\376\377\000F\000o\000r\000m\000a\000\040\000m\000a\000t\000r\000i\000c\000i\000a\000l\000e}{section.12.6}% 107
\BOOKMARK [1][-]{section.12.7}{\376\377\000M\000e\000t\000o\000d\000o\000\040\000G\000M\000R\000E\000S}{chapter.12}% 108
\BOOKMARK [2][-]{subsection.12.7.1}{\376\377\000M\000i\000n\000i\000m\000i\000z\000z\000a\000z\000i\000o\000n\000e\000\040\000d\000e\000l\000\040\000r\000e\000s\000i\000d\000u\000o}{section.12.7}% 109
\BOOKMARK [1][-]{section.12.8}{\376\377\000G\000M\000R\000E\000S\000\040\000c\000o\000n\000\040\000R\000i\000a\000v\000v\000i\000o\000\040\000\050\000R\000e\000s\000t\000a\000r\000t\000e\000d\000\040\000G\000M\000R\000E\000S\000\051}{chapter.12}% 110
\BOOKMARK [1][-]{section.12.9}{\376\377\000P\000r\000e\000c\000o\000n\000d\000i\000z\000i\000o\000n\000a\000m\000e\000n\000t\000o}{chapter.12}% 111
\BOOKMARK [2][-]{subsection.12.9.1}{\376\377\000S\000c\000e\000l\000t\000e\000\040\000c\000o\000m\000u\000n\000i}{section.12.9}% 112
\BOOKMARK [2][-]{subsection.12.9.2}{\376\377\000D\000i\000f\000f\000e\000r\000e\000n\000z\000e\000\040\000t\000r\000a\000\040\000p\000r\000e\000c\000o\000n\000d\000i\000z\000i\000o\000n\000a\000m\000e\000n\000t\000o\000\040\000a\000\040\000s\000i\000n\000i\000s\000t\000r\000a\000\040\000e\000\040\000a\000\040\000d\000e\000s\000t\000r\000a}{section.12.9}% 113
\BOOKMARK [2][-]{subsection.12.9.3}{\376\377\000E\000s\000e\000m\000p\000i\000\040\000d\000i\000\040\000p\000r\000e\000c\000o\000n\000d\000i\000z\000i\000o\000n\000a\000m\000e\000n\000t\000o}{section.12.9}% 114
\BOOKMARK [0][-]{chapter.13}{\376\377\000A\000c\000c\000e\000l\000e\000r\000a\000z\000i\000o\000n\000e\000\040\000d\000e\000l\000\040\000M\000e\000t\000o\000d\000o\000\040\000d\000e\000l\000l\000e\000\040\000P\000o\000t\000e\000n\000z\000e\000:\000\040\000M\000e\000t\000o\000d\000o\000\040\000d\000i\000\040\000W\000i\000e\000l\000a\000n\000d\000t}{}% 115
\BOOKMARK [1][-]{section.13.1}{\376\377\000C\000o\000n\000v\000e\000r\000g\000e\000n\000z\000a\000\040\000d\000e\000l\000\040\000M\000e\000t\000o\000d\000o\000\040\000d\000e\000l\000l\000e\000\040\000P\000o\000t\000e\000n\000z\000e}{chapter.13}% 116
\BOOKMARK [2][-]{subsection.13.1.1}{\376\377\000S\000p\000o\000s\000t\000a\000m\000e\000n\000t\000o\000\040\000S\000p\000e\000t\000t\000r\000a\000l\000e}{section.13.1}% 117
\BOOKMARK [1][-]{section.13.2}{\376\377\000M\000e\000t\000o\000d\000o\000\040\000d\000i\000\040\000W\000i\000e\000l\000a\000n\000d\000t}{chapter.13}% 118
\BOOKMARK [2][-]{subsection.13.2.1}{\376\377\000O\000s\000s\000e\000r\000v\000a\000z\000i\000o\000n\000i\000\040\000F\000i\000n\000a\000l\000i}{section.13.2}% 119
\BOOKMARK [0][-]{chapter.14}{\376\377\000A\000c\000c\000e\000l\000e\000r\000a\000z\000i\000o\000n\000e\000\040\000d\000e\000l\000\040\000M\000e\000t\000o\000d\000o\000\040\000d\000e\000l\000l\000e\000\040\000P\000o\000t\000e\000n\000z\000e\000:\000\040\000M\000e\000t\000o\000d\000o\000\040\000d\000i\000\040\000C\000h\000e\000b\000y\000s\000h\000e\000v}{}% 120
\BOOKMARK [1][-]{section.14.1}{\376\377\000P\000o\000l\000i\000n\000o\000m\000i\000\040\000M\000a\000t\000r\000i\000c\000i\000a\000l\000i\000\040\000e\000\040\000A\000c\000c\000e\000l\000e\000r\000a\000z\000i\000o\000n\000e}{chapter.14}% 121
\BOOKMARK [2][-]{subsection.14.1.1}{\376\377\000A\000p\000p\000l\000i\000c\000a\000z\000i\000o\000n\000e\000\040\000d\000e\000i\000\040\000P\000o\000l\000i\000n\000o\000m\000i\000\040\000d\000i\000\040\000C\000h\000e\000b\000y\000s\000h\000e\000v}{section.14.1}% 122
\BOOKMARK [2][-]{subsection.14.1.2}{\376\377\000M\000i\000n\000i\000m\000i\000z\000z\000a\000z\000i\000o\000n\000e\000\040\000d\000e\000l\000\040\000R\000e\000s\000i\000d\000u\000o}{section.14.1}% 123
\BOOKMARK [2][-]{subsection.14.1.3}{\376\377\000I\000m\000p\000l\000e\000m\000e\000n\000t\000a\000z\000i\000o\000n\000e\000\040\000I\000t\000e\000r\000a\000t\000i\000v\000a}{section.14.1}% 124
\BOOKMARK [2][-]{subsection.14.1.4}{\376\377\000C\000o\000n\000f\000r\000o\000n\000t\000i\000\040\000e\000\040\000S\000t\000i\000m\000a\000\040\000d\000e\000l\000\040\000D\000o\000m\000i\000n\000a\000n\000c\000e\000\040\000R\000a\000t\000i\000o}{section.14.1}% 125
\BOOKMARK [0][-]{chapter.15}{\376\377\000M\000e\000t\000o\000d\000i\000\040\000d\000e\000i\000\040\000R\000e\000s\000i\000d\000u\000i\000\040\000P\000e\000s\000a\000t\000i\000\040\000e\000\040\000A\000p\000p\000l\000i\000c\000a\000z\000i\000o\000n\000i\000\040\000a\000i\000\040\000C\000a\000l\000c\000o\000l\000i\000\040\000d\000i\000\040\000C\000o\000r\000e}{}% 126
\BOOKMARK [1][-]{section.15.1}{\376\377\000I\000n\000t\000r\000o\000d\000u\000z\000i\000o\000n\000e\000\040\000a\000l\000\040\000M\000e\000t\000o\000d\000o\000\040\000d\000e\000i\000\040\000R\000e\000s\000i\000d\000u\000i\000\040\000P\000e\000s\000a\000t\000i}{chapter.15}% 127
\BOOKMARK [1][-]{section.15.2}{\376\377\000F\000o\000r\000m\000u\000l\000a\000z\000i\000o\000n\000e\000\040\000d\000e\000l\000\040\000M\000e\000t\000o\000d\000o\000\040\000d\000e\000i\000\040\000R\000e\000s\000i\000d\000u\000i\000\040\000P\000e\000s\000a\000t\000i}{chapter.15}% 128
\BOOKMARK [1][-]{section.15.3}{\376\377\000S\000c\000e\000l\000t\000a\000\040\000d\000e\000l\000l\000e\000\040\000F\000u\000n\000z\000i\000o\000n\000i\000\040\000P\000e\000s\000o}{chapter.15}% 129
\BOOKMARK [2][-]{subsection.15.3.1}{\376\377\000M\000e\000t\000o\000d\000o\000\040\000d\000i\000\040\000G\000a\000l\000e\000r\000k\000i\000n}{section.15.3}% 130
\BOOKMARK [2][-]{subsection.15.3.2}{\376\377\000M\000e\000t\000o\000d\000o\000\040\000d\000e\000i\000\040\000S\000o\000t\000t\000o\000d\000o\000m\000i\000n\000i}{section.15.3}% 131
\BOOKMARK [2][-]{subsection.15.3.3}{\376\377\000M\000e\000t\000o\000d\000o\000\040\000d\000i\000\040\000C\000o\000l\000l\000o\000c\000a\000z\000i\000o\000n\000e}{section.15.3}% 132
\BOOKMARK [1][-]{section.15.4}{\376\377\000A\000p\000p\000l\000i\000c\000a\000z\000i\000o\000n\000e\000\040\000a\000l\000\040\000C\000a\000l\000c\000o\000l\000o\000\040\000d\000e\000l\000\040\000C\000o\000r\000e\000\040\000d\000e\000l\000\040\000R\000e\000a\000t\000t\000o\000r\000e}{chapter.15}% 133
\BOOKMARK [1][-]{section.15.5}{\376\377\000A\000p\000p\000l\000i\000c\000a\000z\000i\000o\000n\000e\000\040\000d\000e\000l\000\040\000M\000e\000t\000o\000d\000o\000\040\000d\000e\000i\000\040\000S\000o\000t\000t\000o\000d\000o\000m\000i\000n\000i}{chapter.15}% 134
\BOOKMARK [2][-]{subsection.15.5.1}{\376\377\000F\000o\000r\000m\000u\000l\000a\000z\000i\000o\000n\000e\000\040\000d\000e\000l\000\040\000B\000i\000l\000a\000n\000c\000i\000o\000\040\000N\000e\000u\000t\000r\000o\000n\000i\000c\000o}{section.15.5}% 135
\BOOKMARK [2][-]{subsection.15.5.2}{\376\377\000I\000n\000t\000e\000g\000r\000a\000z\000i\000o\000n\000e\000\040\000d\000e\000l\000\040\000T\000e\000r\000m\000i\000n\000e\000\040\000d\000i\000\040\000A\000s\000s\000o\000r\000b\000i\000m\000e\000n\000t\000o\000\040\000e\000\040\000S\000o\000r\000g\000e\000n\000t\000e}{section.15.5}% 136
\BOOKMARK [2][-]{subsection.15.5.3}{\376\377\000E\000q\000u\000a\000z\000i\000o\000n\000e\000\040\000D\000i\000s\000c\000r\000e\000t\000i\000z\000z\000a\000t\000a}{section.15.5}% 137
\BOOKMARK [2][-]{subsection.15.5.4}{\376\377\000C\000o\000n\000d\000i\000z\000i\000o\000n\000i\000\040\000d\000i\000\040\000C\000o\000n\000t\000i\000n\000u\000i\000t\000\340\000\040\000d\000e\000l\000l\000a\000\040\000C\000o\000r\000r\000e\000n\000t\000e}{section.15.5}% 138
\BOOKMARK [2][-]{subsection.15.5.5}{\376\377\000E\000q\000u\000a\000z\000i\000o\000n\000e\000\040\000a\000\040\0007\000\040\000P\000u\000n\000t\000i}{section.15.5}% 139
\BOOKMARK [1][-]{section.15.6}{\376\377\000M\000e\000t\000o\000d\000o\000\040\000C\000U\000B\000B\000O\000X}{chapter.15}% 140
\BOOKMARK [2][-]{subsection.15.6.1}{\376\377\000A\000p\000p\000r\000o\000s\000s\000i\000m\000a\000z\000i\000o\000n\000e\000\040\000d\000e\000l\000\040\000F\000l\000u\000s\000s\000o\000\040\000c\000o\000n\000\040\000P\000o\000l\000i\000n\000o\000m\000i\000\040\000d\000i\000\040\000T\000e\000r\000z\000o\000\040\000O\000r\000d\000i\000n\000e}{section.15.6}% 141
\BOOKMARK [2][-]{subsection.15.6.2}{\376\377\000D\000e\000t\000e\000r\000m\000i\000n\000a\000z\000i\000o\000n\000e\000\040\000d\000e\000i\000\040\000C\000o\000e\000f\000f\000i\000c\000i\000e\000n\000t\000i\000\040\000c\000x\000,\000\040\000c\000y\000,\000\040\000c\000z}{section.15.6}% 142
\BOOKMARK [1][-]{section.15.7}{\376\377\000C\000o\000n\000c\000l\000u\000s\000i\000o\000n\000e}{chapter.15}% 143
\BOOKMARK [0][-]{chapter.16}{\376\377\000A\000p\000p\000r\000o\000s\000s\000i\000m\000a\000n\000t\000i\000\040\000d\000i\000\040\000P\000a\000d\000\351}{}% 144
\BOOKMARK [1][-]{section.16.1}{\376\377\000I\000n\000t\000r\000o\000d\000u\000z\000i\000o\000n\000e}{chapter.16}% 145
\BOOKMARK [1][-]{section.16.2}{\376\377\000A\000p\000p\000l\000i\000c\000a\000z\000i\000o\000n\000e\000\040\000a\000l\000l\000a\000\040\000f\000u\000n\000z\000i\000o\000n\000e\000\040\000e\000s\000p\000o\000n\000e\000n\000z\000i\000a\000l\000e}{chapter.16}% 146
\BOOKMARK [2][-]{subsection.16.2.1}{\376\377\000A\000p\000p\000r\000o\000s\000s\000i\000m\000a\000n\000t\000e\000\040\000\040\000R\000\050\0000\000,\0001\000\051\000\050\000\051\000\040}{section.16.2}% 147
\BOOKMARK [2][-]{subsection.16.2.2}{\376\377\000A\000p\000p\000r\000o\000s\000s\000i\000m\000a\000n\000t\000e\000\040\000R\000\050\0001\000,\0000\000\051\000\050\000\051\000\040}{section.16.2}% 148
\BOOKMARK [2][-]{subsection.16.2.3}{\376\377\000A\000p\000p\000r\000o\000s\000s\000i\000m\000a\000n\000t\000e\000\040\000R\000\050\0001\000,\0001\000\051\000\050\000\051}{section.16.2}% 149
\BOOKMARK [0][-]{chapter.17}{\376\377\000E\000q\000u\000a\000z\000i\000o\000n\000e\000\040\000I\000n\000t\000e\000g\000r\000o\000-\000D\000i\000f\000f\000e\000r\000e\000n\000z\000i\000a\000l\000e\000\040\000d\000e\000l\000\040\000T\000r\000a\000s\000p\000o\000r\000t\000o\000\040\000N\000e\000u\000t\000r\000o\000n\000i\000c\000o}{}% 150
\BOOKMARK [1][-]{section.17.1}{\376\377\000I\000n\000t\000r\000o\000d\000u\000z\000i\000o\000n\000e}{chapter.17}% 151
\BOOKMARK [1][-]{section.17.2}{\376\377\000D\000e\000r\000i\000v\000a\000z\000i\000o\000n\000e\000\040\000L\000a\000g\000r\000a\000n\000g\000i\000a\000n\000a}{chapter.17}% 152
\BOOKMARK [2][-]{subsection.17.2.1}{\376\377\000C\000o\000n\000t\000r\000i\000b\000u\000t\000i\000\040\000a\000l\000l\000a\000\040\000v\000a\000r\000i\000a\000z\000i\000o\000n\000e\000\040\000n}{section.17.2}% 153
\BOOKMARK [2][-]{subsection.17.2.2}{\376\377\000F\000o\000r\000m\000a\000\040\000i\000n\000t\000e\000g\000r\000o\000-\000d\000i\000f\000f\000e\000r\000e\000n\000z\000i\000a\000l\000e\000\040\000d\000e\000l\000l\000'\000e\000q\000u\000a\000z\000i\000o\000n\000e\000\040\000d\000e\000l\000\040\000t\000r\000a\000s\000p\000o\000r\000t\000o\000\040\000n\000e\000u\000t\000r\000o\000n\000i\000c\000o}{section.17.2}% 154
\BOOKMARK [1][-]{section.17.3}{\376\377\000D\000e\000r\000i\000v\000a\000z\000i\000o\000n\000e\000\040\000E\000u\000l\000e\000r\000i\000a\000n\000a}{chapter.17}% 155
\BOOKMARK [2][-]{subsection.17.3.1}{\376\377\000T\000e\000r\000m\000i\000n\000i\000\040\000d\000i\000\040\000g\000u\000a\000d\000a\000g\000n\000o}{section.17.3}% 156
\BOOKMARK [2][-]{subsection.17.3.2}{\376\377\000T\000e\000r\000m\000i\000n\000i\000\040\000d\000i\000\040\000p\000e\000r\000d\000i\000t\000a}{section.17.3}% 157
\BOOKMARK [2][-]{subsection.17.3.3}{\376\377\000E\000q\000u\000a\000z\000i\000o\000n\000e\000\040\000f\000i\000n\000a\000l\000e}{section.17.3}% 158
\BOOKMARK [1][-]{section.17.4}{\376\377\000C\000o\000n\000d\000i\000z\000i\000o\000n\000i\000\040\000i\000n\000i\000z\000i\000a\000l\000i\000,\000\040\000d\000i\000\040\000i\000n\000t\000e\000r\000f\000a\000c\000c\000i\000a\000\040\000e\000\040\000a\000l\000\040\000c\000o\000n\000t\000o\000r\000n\000o}{chapter.17}% 159
\BOOKMARK [2][-]{subsection.17.4.1}{\376\377\000C\000o\000n\000d\000i\000z\000i\000o\000n\000e\000\040\000i\000n\000i\000z\000i\000a\000l\000e}{section.17.4}% 160
\BOOKMARK [2][-]{subsection.17.4.2}{\376\377\000C\000o\000n\000d\000i\000z\000i\000o\000n\000e\000\040\000d\000i\000\040\000i\000n\000t\000e\000r\000f\000a\000c\000c\000i\000a}{section.17.4}% 161
\BOOKMARK [2][-]{subsection.17.4.3}{\376\377\000C\000o\000n\000d\000i\000z\000i\000o\000n\000i\000\040\000a\000l\000\040\000c\000o\000n\000t\000o\000r\000n\000o}{section.17.4}% 162
\BOOKMARK [1][-]{section.17.5}{\376\377\000E\000q\000u\000i\000v\000a\000l\000e\000n\000z\000a\000\040\000t\000r\000a\000\040\000e\000q\000u\000a\000z\000i\000o\000n\000e\000\040\000d\000e\000l\000\040\000t\000r\000a\000s\000p\000o\000r\000t\000o\000\040\000n\000e\000u\000t\000r\000o\000n\000i\000c\000o\000\040\000e\000\040\000e\000q\000u\000a\000z\000i\000o\000n\000e\000\040\000d\000i\000\040\000c\000o\000n\000t\000i\000n\000u\000i\000t\000\340}{chapter.17}% 163
\BOOKMARK [2][-]{subsection.17.5.1}{\376\377\000E\000q\000u\000a\000z\000i\000o\000n\000e\000\040\000d\000i\000\040\000c\000o\000n\000t\000i\000n\000u\000i\000t\000\340}{section.17.5}% 164
\BOOKMARK [1][-]{section.17.6}{\376\377\000A\000p\000p\000r\000o\000s\000s\000i\000m\000a\000z\000i\000o\000n\000i\000\040\000d\000e\000l\000l\000o\000\040\000S\000c\000a\000t\000t\000e\000r\000i\000n\000g\000:\000\040\000I\000s\000o\000t\000r\000o\000p\000i\000c\000o\000\040\000e\000\040\000L\000i\000n\000e\000a\000r\000m\000e\000n\000t\000e\000\040\000A\000n\000i\000s\000o\000t\000r\000o\000p\000i\000c\000o}{chapter.17}% 165
\BOOKMARK [2][-]{subsection.17.6.1}{\376\377\000I\000n\000t\000r\000o\000d\000u\000z\000i\000o\000n\000e}{section.17.6}% 166
\BOOKMARK [2][-]{subsection.17.6.2}{\376\377\000E\000s\000p\000a\000n\000s\000i\000o\000n\000e\000\040\000d\000e\000l\000l\000a\000\040\000s\000e\000z\000i\000o\000n\000e\000\040\000d\040\031\000u\000r\000t\000o\000\040\000d\000i\000\040\000s\000c\000a\000t\000t\000e\000r\000i\000n\000g}{section.17.6}% 167
\BOOKMARK [2][-]{subsection.17.6.3}{\376\377\000A\000p\000p\000r\000o\000s\000s\000i\000m\000a\000z\000i\000o\000n\000e\000\040\000d\000i\000\040\000s\000c\000a\000t\000t\000e\000r\000i\000n\000g\000\040\000i\000s\000o\000t\000r\000o\000p\000i\000c\000o}{section.17.6}% 168
\BOOKMARK [2][-]{subsection.17.6.4}{\376\377\000A\000p\000p\000r\000o\000s\000s\000i\000m\000a\000z\000i\000o\000n\000e\000\040\000d\000i\000\040\000s\000c\000a\000t\000t\000e\000r\000i\000n\000g\000\040\000l\000i\000n\000e\000a\000r\000m\000e\000n\000t\000e\000\040\000a\000n\000i\000s\000o\000t\000r\000o\000p\000i\000c\000o}{section.17.6}% 169
\BOOKMARK [1][-]{section.17.7}{\376\377\000A\000p\000p\000r\000o\000s\000s\000i\000m\000a\000z\000i\000o\000n\000e\000\040\000d\000i\000\040\000s\000c\000a\000t\000t\000e\000r\000i\000n\000g\000\040\000q\000u\000a\000d\000r\000a\000t\000i\000c\000a\000m\000e\000n\000t\000e\000\040\000a\000n\000i\000s\000o\000t\000r\000o\000p\000i\000c\000o}{chapter.17}% 170
